12001 [('mut52', 0.43295), ('seq303', 0.45942), ('seq_mt_epi486', 0.48551), ('seq_nup904', 0.44781), ('historical1087', 0.41992)]
12002 [('mut52', 0.30579), ('seq303', 0.32849), ('seq_mt_epi486', 0.34383), ('seq_nup904', 0.32698), ('historical1087', 0.37997)]
12003 [('mut52', 0.32816), ('seq303', 0.35139), ('seq_mt_epi486', 0.31021), ('seq_nup904', 0.27023), ('historical1087', 0.30587)]
12004 [('mut52', 0.40853), ('seq303', 0.40806), ('seq_mt_epi486', 0.42697), ('seq_nup904', 0.30206), ('historical1087', 0.3919)]
12005 [('mut52', 0.42663), ('seq303', 0.41557), ('seq_mt_epi486', 0.42437), ('seq_nup904', 0.3923), ('historical1087', 0.40659)]
12006 [('mut52', 0.22807), ('seq303', 0.31196), ('seq_mt_epi486', 0.28187), ('seq_nup904', 0.30251), ('historical1087', 0.30601)]
12007 [('mut52', 0.34733), ('seq303', 0.36203), ('seq_mt_epi486', 0.31464), ('seq_nup904', 0.33563), ('historical1087', 0.27971)]
12008 [('mut52', 0.41349), ('seq303', 0.4463), ('seq_mt_epi486', 0.42416), ('seq_nup904', 0.45826), ('historical1087', 0.4166)]
12009 [('mut52', 0.30545), ('seq303', 0.40226), ('seq_mt_epi486', 0.39736), ('seq_nup904', 0.31647), ('historical1087', 0.39323)]
12010 [('mut52', 0.40544), ('seq303', 0.42287), ('seq_mt_epi486', 0.43112), ('seq_nup904', 0.41614), ('historical1087', 0.42246)]
12011 [('mut52', 0.24921), ('seq303', 0.30821), ('seq_mt_epi486', 0.26677), ('seq_nup904', 0.31974), ('historical1087', 0.30914)]
12012 [('mut52', 0.35635), ('seq303', 0.43751), ('seq_mt_epi486', 0.4014), ('seq_nup904', 0.43418), ('historical1087', 0.418)]
12013 [('mut52', 0.31066), ('seq303', 0.38082), ('seq_mt_epi486', 0.37588), ('seq_nup904', 0.3572), ('historical1087', 0.38848)]
12014 [('mut52', 0.29194), ('seq303', 0.35178), ('seq_mt_epi486', 0.31013), ('seq_nup904', 0.30552), ('historical1087', 0.30519)]
12015 [('mut52', 0.30914), ('seq303', 0.36014), ('seq_mt_epi486', 0.36859), ('seq_nup904', 0.32886), ('historical1087', 0.35349)]
12016 [('mut52', 0.39883), ('seq303', 0.39391), ('seq_mt_epi486', 0.37519), ('seq_nup904', 0.32743), ('historical1087', 0.34342)]
12017 [('mut52', 0.23169), ('seq303', 0.28702), ('seq_mt_epi486', 0.23634), ('seq_nup904', 0.24733), ('historical1087', 0.26645)]
12018 [('mut52', 0.31782), ('seq303', 0.34765), ('seq_mt_epi486', 0.35842), ('seq_nup904', 0.3329), ('historical1087', 0.31643)]
12019 [('mut52', 0.35292), ('seq303', 0.40611), ('seq_mt_epi486', 0.33531), ('seq_nup904', 0.29196), ('historical1087', 0.31382)]
12020 [('mut52', 0.39797), ('seq303', 0.38702), ('seq_mt_epi486', 0.34106), ('seq_nup904', 0.43384), ('historical1087', 0.34508)]
12021 [('mut52', 0.34342), ('seq303', 0.30039), ('seq_mt_epi486', 0.27417), ('seq_nup904', 0.26502), ('historical1087', 0.27378)]
12022 [('mut52', 0.37831), ('seq303', 0.41768), ('seq_mt_epi486', 0.39799), ('seq_nup904', 0.41734), ('historical1087', 0.40194)]
12023 [('mut52', 0.36082), ('seq303', 0.40685), ('seq_mt_epi486', 0.36021), ('seq_nup904', 0.33753), ('historical1087', 0.37216)]
12024 [('mut52', 0.41023), ('seq303', 0.44428), ('seq_mt_epi486', 0.41271), ('seq_nup904', 0.39116), ('historical1087', 0.38753)]
12025 [('mut52', 0.33395), ('seq303', 0.33721), ('seq_mt_epi486', 0.34452), ('seq_nup904', 0.30144), ('historical1087', 0.32509)]
12026 [('mut52', 0.36044), ('seq303', 0.38177), ('seq_mt_epi486', 0.36368), ('seq_nup904', 0.3217), ('historical1087', 0.35086)]
12027 [('mut52', 0.36005), ('seq303', 0.44066), ('seq_mt_epi486', 0.37862), ('seq_nup904', 0.27882), ('historical1087', 0.34099)]
12028 [('mut52', 0.38693), ('seq303', 0.42281), ('seq_mt_epi486', 0.47074), ('seq_nup904', 0.42515), ('historical1087', 0.40965)]
12029 [('mut52', 0.39392), ('seq303', 0.44162), ('seq_mt_epi486', 0.37002), ('seq_nup904', 0.45705), ('historical1087', 0.38273)]
12030 [('mut52', 0.41754), ('seq303', 0.45124), ('seq_mt_epi486', 0.37065), ('seq_nup904', 0.34554), ('historical1087', 0.3543)]
12031 [('mut52', 0.25828), ('seq303', 0.31934), ('seq_mt_epi486', 0.36704), ('seq_nup904', 0.3368), ('historical1087', 0.29096)]
12032 [('mut52', 0.31615), ('seq303', 0.35503), ('seq_mt_epi486', 0.29629), ('seq_nup904', 0.26956), ('historical1087', 0.27667)]
12033 [('mut52', 0.4042), ('seq303', 0.47337), ('seq_mt_epi486', 0.4542), ('seq_nup904', 0.38647), ('historical1087', 0.44907)]
12034 [('mut52', 0.33097), ('seq303', 0.3233), ('seq_mt_epi486', 0.34579), ('seq_nup904', 0.28232), ('historical1087', 0.31125)]
12035 [('mut52', 0.37148), ('seq303', 0.40404), ('seq_mt_epi486', 0.40568), ('seq_nup904', 0.34649), ('historical1087', 0.35141)]
12036 [('mut52', 0.32484), ('seq303', 0.44205), ('seq_mt_epi486', 0.37897), ('seq_nup904', 0.37287), ('historical1087', 0.32972)]
12037 [('mut52', 0.4148), ('seq303', 0.47938), ('seq_mt_epi486', 0.41196), ('seq_nup904', 0.47267), ('historical1087', 0.4239)]
12038 [('mut52', 0.33717), ('seq303', 0.40771), ('seq_mt_epi486', 0.38006), ('seq_nup904', 0.31973), ('historical1087', 0.30383)]
12039 [('mut52', 0.32884), ('seq303', 0.37029), ('seq_mt_epi486', 0.4121), ('seq_nup904', 0.3699), ('historical1087', 0.38043)]
12040 [('mut52', 0.38109), ('seq303', 0.42282), ('seq_mt_epi486', 0.36156), ('seq_nup904', 0.38211), ('historical1087', 0.35922)]
12041 [('mut52', 0.38171), ('seq303', 0.36286), ('seq_mt_epi486', 0.32779), ('seq_nup904', 0.27743), ('historical1087', 0.33614)]
12042 [('mut52', 0.38386), ('seq303', 0.36671), ('seq_mt_epi486', 0.30062), ('seq_nup904', 0.36343), ('historical1087', 0.36097)]
12043 [('mut52', 0.35886), ('seq303', 0.40358), ('seq_mt_epi486', 0.33511), ('seq_nup904', 0.31457), ('historical1087', 0.29276)]
12044 [('mut52', 0.33614), ('seq303', 0.41553), ('seq_mt_epi486', 0.42896), ('seq_nup904', 0.32733), ('historical1087', 0.34682)]
12045 [('mut52', 0.31588), ('seq303', 0.32492), ('seq_mt_epi486', 0.30038), ('seq_nup904', 0.31467), ('historical1087', 0.34777)]
12046 [('mut52', 0.39359), ('seq303', 0.40846), ('seq_mt_epi486', 0.41502), ('seq_nup904', 0.41301), ('historical1087', 0.34878)]
12047 [('mut52', 0.33507), ('seq303', 0.44875), ('seq_mt_epi486', 0.40224), ('seq_nup904', 0.39489), ('historical1087', 0.36614)]
12048 [('mut52', 0.40381), ('seq303', 0.45244), ('seq_mt_epi486', 0.4054), ('seq_nup904', 0.39639), ('historical1087', 0.39192)]
12049 [('mut52', 0.27034), ('seq303', 0.25831), ('seq_mt_epi486', 0.19814), ('seq_nup904', 0.25451), ('historical1087', 0.21224)]
12050 [('mut52', 0.32133), ('seq303', 0.34942), ('seq_mt_epi486', 0.27741), ('seq_nup904', 0.29669), ('historical1087', 0.29215)]
12051 [('mut52', 0.33819), ('seq303', 0.4844), ('seq_mt_epi486', 0.45482), ('seq_nup904', 0.44236), ('historical1087', 0.39626)]
12052 [('mut52', 0.17349), ('seq303', 0.23776), ('seq_mt_epi486', 0.23413), ('seq_nup904', 0.25307), ('historical1087', 0.28083)]
12053 [('mut52', 0.40379), ('seq303', 0.37155), ('seq_mt_epi486', 0.36047), ('seq_nup904', 0.36873), ('historical1087', 0.32615)]
12054 [('mut52', 0.31221), ('seq303', 0.34856), ('seq_mt_epi486', 0.2871), ('seq_nup904', 0.32426), ('historical1087', 0.3282)]
12055 [('mut52', 0.33378), ('seq303', 0.33738), ('seq_mt_epi486', 0.35601), ('seq_nup904', 0.39842), ('historical1087', 0.40629)]
12056 [('mut52', 0.35845), ('seq303', 0.43147), ('seq_mt_epi486', 0.43468), ('seq_nup904', 0.34446), ('historical1087', 0.37316)]
12057 [('mut52', 0.21476), ('seq303', 0.30816), ('seq_mt_epi486', 0.25203), ('seq_nup904', 0.25881), ('historical1087', 0.23832)]
12058 [('mut52', 0.39519), ('seq303', 0.38244), ('seq_mt_epi486', 0.39708), ('seq_nup904', 0.39503), ('historical1087', 0.3846)]
12059 [('mut52', 0.40329), ('seq303', 0.42777), ('seq_mt_epi486', 0.41547), ('seq_nup904', 0.35799), ('historical1087', 0.39421)]
12060 [('mut52', 0.36012), ('seq303', 0.41323), ('seq_mt_epi486', 0.38265), ('seq_nup904', 0.41113), ('historical1087', 0.37266)]
12061 [('mut52', 0.26353), ('seq303', 0.31941), ('seq_mt_epi486', 0.26523), ('seq_nup904', 0.25075), ('historical1087', 0.26266)]
12062 [('mut52', 0.34191), ('seq303', 0.35235), ('seq_mt_epi486', 0.36179), ('seq_nup904', 0.33698), ('historical1087', 0.3042)]
12063 [('mut52', 0.40764), ('seq303', 0.37335), ('seq_mt_epi486', 0.36576), ('seq_nup904', 0.38189), ('historical1087', 0.37481)]
12064 [('mut52', 0.37564), ('seq303', 0.40882), ('seq_mt_epi486', 0.39487), ('seq_nup904', 0.40604), ('historical1087', 0.44091)]
12065 [('mut52', 0.18752), ('seq303', 0.26309), ('seq_mt_epi486', 0.28717), ('seq_nup904', 0.31159), ('historical1087', 0.2582)]
12066 [('mut52', 0.25233), ('seq303', 0.26573), ('seq_mt_epi486', 0.28147), ('seq_nup904', 0.2797), ('historical1087', 0.30946)]
12067 [('mut52', 0.38183), ('seq303', 0.41487), ('seq_mt_epi486', 0.39745), ('seq_nup904', 0.36661), ('historical1087', 0.36892)]
12068 [('mut52', 0.38873), ('seq303', 0.42014), ('seq_mt_epi486', 0.39578), ('seq_nup904', 0.35724), ('historical1087', 0.31071)]
12069 [('mut52', 0.43124), ('seq303', 0.42033), ('seq_mt_epi486', 0.42576), ('seq_nup904', 0.41424), ('historical1087', 0.43706)]
12070 [('mut52', 0.36106), ('seq303', 0.41985), ('seq_mt_epi486', 0.43973), ('seq_nup904', 0.39686), ('historical1087', 0.38269)]
12071 [('mut52', 0.35577), ('seq303', 0.39802), ('seq_mt_epi486', 0.39493), ('seq_nup904', 0.33331), ('historical1087', 0.38533)]
12072 [('mut52', 0.40558), ('seq303', 0.40389), ('seq_mt_epi486', 0.3873), ('seq_nup904', 0.38792), ('historical1087', 0.33654)]
12073 [('mut52', 0.38977), ('seq303', 0.38246), ('seq_mt_epi486', 0.39067), ('seq_nup904', 0.38175), ('historical1087', 0.34446)]
12074 [('mut52', 0.39262), ('seq303', 0.44543), ('seq_mt_epi486', 0.42416), ('seq_nup904', 0.35854), ('historical1087', 0.35115)]
12075 [('mut52', 0.27639), ('seq303', 0.31977), ('seq_mt_epi486', 0.36011), ('seq_nup904', 0.32072), ('historical1087', 0.2808)]
12076 [('mut52', 0.28222), ('seq303', 0.3318), ('seq_mt_epi486', 0.28557), ('seq_nup904', 0.26361), ('historical1087', 0.25329)]
12077 [('mut52', 0.26048), ('seq303', 0.28954), ('seq_mt_epi486', 0.31259), ('seq_nup904', 0.16619), ('historical1087', 0.18637)]
12078 [('mut52', 0.35184), ('seq303', 0.385), ('seq_mt_epi486', 0.33988), ('seq_nup904', 0.42887), ('historical1087', 0.38699)]
12079 [('mut52', 0.23572), ('seq303', 0.27056), ('seq_mt_epi486', 0.30771), ('seq_nup904', 0.25178), ('historical1087', 0.27559)]
12080 [('mut52', 0.28363), ('seq303', 0.28455), ('seq_mt_epi486', 0.29563), ('seq_nup904', 0.37206), ('historical1087', 0.3144)]
12081 [('mut52', 0.335), ('seq303', 0.36362), ('seq_mt_epi486', 0.3373), ('seq_nup904', 0.32547), ('historical1087', 0.32016)]
12082 [('mut52', 0.40203), ('seq303', 0.43632), ('seq_mt_epi486', 0.38149), ('seq_nup904', 0.44967), ('historical1087', 0.3867)]
12083 [('mut52', 0.33786), ('seq303', 0.37404), ('seq_mt_epi486', 0.33469), ('seq_nup904', 0.34251), ('historical1087', 0.39134)]
12084 [('mut52', 0.3501), ('seq303', 0.40104), ('seq_mt_epi486', 0.37392), ('seq_nup904', 0.34562), ('historical1087', 0.34726)]
12085 [('mut52', 0.31612), ('seq303', 0.34688), ('seq_mt_epi486', 0.35674), ('seq_nup904', 0.35765), ('historical1087', 0.30691)]
12086 [('mut52', 0.23394), ('seq303', 0.28027), ('seq_mt_epi486', 0.22706), ('seq_nup904', 0.23094), ('historical1087', 0.28083)]
12087 [('mut52', 0.3315), ('seq303', 0.32542), ('seq_mt_epi486', 0.34268), ('seq_nup904', 0.35087), ('historical1087', 0.34292)]
12088 [('mut52', 0.31665), ('seq303', 0.38507), ('seq_mt_epi486', 0.42947), ('seq_nup904', 0.41646), ('historical1087', 0.36651)]
12089 [('mut52', 0.3321), ('seq303', 0.37191), ('seq_mt_epi486', 0.40255), ('seq_nup904', 0.39403), ('historical1087', 0.31959)]
12090 [('mut52', 0.26204), ('seq303', 0.30554), ('seq_mt_epi486', 0.27245), ('seq_nup904', 0.27372), ('historical1087', 0.25621)]
12091 [('mut52', 0.31553), ('seq303', 0.34398), ('seq_mt_epi486', 0.33826), ('seq_nup904', 0.36244), ('historical1087', 0.27401)]
12092 [('mut52', 0.35436), ('seq303', 0.41117), ('seq_mt_epi486', 0.42334), ('seq_nup904', 0.36067), ('historical1087', 0.37435)]
12093 [('mut52', 0.30209), ('seq303', 0.38297), ('seq_mt_epi486', 0.29101), ('seq_nup904', 0.30029), ('historical1087', 0.307)]
12094 [('mut52', 0.34899), ('seq303', 0.37391), ('seq_mt_epi486', 0.34374), ('seq_nup904', 0.34768), ('historical1087', 0.34522)]
12095 [('mut52', 0.37122), ('seq303', 0.34621), ('seq_mt_epi486', 0.31954), ('seq_nup904', 0.24694), ('historical1087', 0.26185)]
12096 [('mut52', 0.21434), ('seq303', 0.2269), ('seq_mt_epi486', 0.24996), ('seq_nup904', 0.29995), ('historical1087', 0.24035)]
12097 [('mut52', 0.37958), ('seq303', 0.40527), ('seq_mt_epi486', 0.39443), ('seq_nup904', 0.4164), ('historical1087', 0.43173)]
12098 [('mut52', 0.43111), ('seq303', 0.49068), ('seq_mt_epi486', 0.45456), ('seq_nup904', 0.40926), ('historical1087', 0.41261)]
12099 [('mut52', 0.41427), ('seq303', 0.44984), ('seq_mt_epi486', 0.45539), ('seq_nup904', 0.41999), ('historical1087', 0.44712)]
12100 [('mut52', 0.43372), ('seq303', 0.46616), ('seq_mt_epi486', 0.43147), ('seq_nup904', 0.37375), ('historical1087', 0.36917)]
