11001 [('base303', 0.33538), ('forced_defect', 0.31629), ('forced_probability', 0.315), ('forced_both', 0.31763)]
11002 [('base303', 0.37198), ('forced_defect', 0.3451), ('forced_probability', 0.34219), ('forced_both', 0.3504)]
11003 [('base303', 0.352), ('forced_defect', 0.33824), ('forced_probability', 0.34773), ('forced_both', 0.32397)]
11004 [('base303', 0.39623), ('forced_defect', 0.39633), ('forced_probability', 0.40894), ('forced_both', 0.41958)]
11005 [('base303', 0.44785), ('forced_defect', 0.40219), ('forced_probability', 0.42788), ('forced_both', 0.38917)]
11006 [('base303', 0.41419), ('forced_defect', 0.4236), ('forced_probability', 0.42138), ('forced_both', 0.41447)]
11007 [('base303', 0.38096), ('forced_defect', 0.38686), ('forced_probability', 0.36202), ('forced_both', 0.38544)]
11008 [('base303', 0.38658), ('forced_defect', 0.37157), ('forced_probability', 0.38932), ('forced_both', 0.38397)]
11009 [('base303', 0.31509), ('forced_defect', 0.30494), ('forced_probability', 0.33235), ('forced_both', 0.31811)]
11010 [('base303', 0.38445), ('forced_defect', 0.41501), ('forced_probability', 0.391), ('forced_both', 0.40865)]
11011 [('base303', 0.34979), ('forced_defect', 0.33211), ('forced_probability', 0.36617), ('forced_both', 0.33909)]
11012 [('base303', 0.32319), ('forced_defect', 0.34638), ('forced_probability', 0.32066), ('forced_both', 0.31832)]
11013 [('base303', 0.38121), ('forced_defect', 0.38973), ('forced_probability', 0.38862), ('forced_both', 0.38599)]
11014 [('base303', 0.29435), ('forced_defect', 0.32871), ('forced_probability', 0.29317), ('forced_both', 0.29656)]
11015 [('base303', 0.33354), ('forced_defect', 0.3257), ('forced_probability', 0.32317), ('forced_both', 0.34785)]
11016 [('base303', 0.38102), ('forced_defect', 0.36075), ('forced_probability', 0.38078), ('forced_both', 0.38627)]
11017 [('base303', 0.3562), ('forced_defect', 0.32104), ('forced_probability', 0.36517), ('forced_both', 0.32249)]
11018 [('base303', 0.3359), ('forced_defect', 0.31884), ('forced_probability', 0.3475), ('forced_both', 0.32776)]
11019 [('base303', 0.43867), ('forced_defect', 0.43891), ('forced_probability', 0.45057), ('forced_both', 0.43603)]
11020 [('base303', 0.40002), ('forced_defect', 0.39644), ('forced_probability', 0.40376), ('forced_both', 0.41064)]
11021 [('base303', 0.38427), ('forced_defect', 0.36848), ('forced_probability', 0.37806), ('forced_both', 0.37693)]
11022 [('base303', 0.37195), ('forced_defect', 0.35094), ('forced_probability', 0.38778), ('forced_both', 0.35971)]
11023 [('base303', 0.355), ('forced_defect', 0.33003), ('forced_probability', 0.34783), ('forced_both', 0.33443)]
11024 [('base303', 0.35649), ('forced_defect', 0.40242), ('forced_probability', 0.37189), ('forced_both', 0.38301)]
11025 [('base303', 0.34272), ('forced_defect', 0.35218), ('forced_probability', 0.33277), ('forced_both', 0.34442)]
11026 [('base303', 0.31944), ('forced_defect', 0.30602), ('forced_probability', 0.31584), ('forced_both', 0.31513)]
11027 [('base303', 0.36282), ('forced_defect', 0.39428), ('forced_probability', 0.34244), ('forced_both', 0.37153)]
11028 [('base303', 0.38545), ('forced_defect', 0.37786), ('forced_probability', 0.36539), ('forced_both', 0.35512)]
11029 [('base303', 0.38317), ('forced_defect', 0.42634), ('forced_probability', 0.40262), ('forced_both', 0.40919)]
11030 [('base303', 0.32395), ('forced_defect', 0.34538), ('forced_probability', 0.35536), ('forced_both', 0.34138)]
