12001 random 0.3372564828530178 3.2220796504589098
12003 random 0.30678660491628074 0.0
12004 random 0.3602424390152438 3.33793022712053
12002 random 0.35247107794423715 3.2220796504589098
12001 greedy 0.35840324002025004 0.0
12004 greedy 0.3942133388333677 0.0
12003 greedy 0.2775281720510753 0.0
12002 greedy 0.32722404515028214 0.0
12001 uncertainty 0.33482909268182925 0.0
12004 uncertainty 0.3949892186826167 2.86467729701326
12003 uncertainty 0.3394376839855249 7.26212066605149
12002 uncertainty 0.33450696566853544 7.26212066605149
12001 mixed 0.3477271107944424 0.0
12004 mixed 0.3834217088856805 0.0
12003 mixed 0.28373577334858335 0.0
12002 mixed 0.3445497159357246 0.0
12006 random 0.2837228357677235 0.0
12008 random 0.4001620010125063 4.04004101559258
12005 random 0.3520632628953931 0.0
12007 random 0.3316447602797517 7.70582003852905
12006 greedy 0.2885532409577559 0.0
12005 greedy 0.3589192432452702 0.0
12008 greedy 0.3993675585472408 0.0
12007 greedy 0.32060600378752363 0.0
12006 uncertainty 0.2513588209926312 3.7924886620530702
12005 uncertainty 0.32384152400952504 0.0
12008 uncertainty 0.3975097969362308 0.0
12007 uncertainty 0.3092771829823936 5.817311300499568
12006 mixed 0.2616961356008475 0.9278113650398101
12005 mixed 0.31418315114469464 0.0
12008 mixed 0.38372883580522377 0.0
12007 mixed 0.33232970206063783 0.0
12009 random 0.32160201001256256 0.9278113650398101
12010 random 0.3523703898149363 8.112437466748819
12012 random 0.31291301820636375 4.14989101549872
12011 random 0.2743772148575928 4.04004101559258
12009 greedy 0.33341439633997705 0.0
12012 greedy 0.2662739767123544 0.0
12010 greedy 0.3854791592447452 0.0
12011 greedy 0.28760936005850035 4.04004101559258
12009 uncertainty 0.3081191757448484 0.0
12012 uncertainty 0.32172838580241125 4.14989101549872
12010 uncertainty 0.38110381939887117 0.0
12011 uncertainty 0.30817880111750695 0.0
12009 mixed 0.35106575666097906 0.0
12010 mixed 0.40899518121988254 0.0
12012 mixed 0.3250516565728536 0.0
12011 mixed 0.3184392402452515 0.0
12014 random 0.3913175707348171 0.0
12016 random 0.35257514109463184 0.0
12015 random 0.2988213676335477 0.9278113650398101
12013 random 0.35879286745542155 0.0
12016 greedy 0.35115669472934197 0.0
12014 greedy 0.3742770892318077 0.0
12015 greedy 0.35633847711548194 0.0
12013 greedy 0.36596384977406105 0.0
12016 uncertainty 0.35795567472296697 0.0
12015 uncertainty 0.3304415652597828 2.5952316500406583
12014 uncertainty 0.39188157425983905 0.0
12013 uncertainty 0.3587928674554216 0.0
12016 mixed 0.35627266420415127 0.0
12015 mixed 0.3599808748804679 4.2657415921603405
12014 mixed 0.32643785273657955 0.0
12013 mixed 0.363714023212645 0.0
12020 random 0.3488011175069844 2.2605988032919417
12018 random 0.3080949880936755 4.14989101549872
12019 random 0.3580558003487521 7.487821242619249
12017 random 0.2773249207807548 4.14989101549872
12020 greedy 0.3294161213507584 1.4448093655519219
12018 greedy 0.26404796279976744 0.0
12019 greedy 0.3373781711135694 0.0
12017 greedy 0.3202996268726679 0.0
12020 uncertainty 0.38002887518046985 0.0
12018 uncertainty 0.2724080775504847 4.14989101549872
12019 uncertainty 0.37051694073087954 0.0
12017 uncertainty 0.2885847411546322 7.0145683125119795
12020 mixed 0.33042169013556333 1.888508738029482
12019 mixed 0.3563997899986875 0.0
12018 mixed 0.3158112238201488 0.0
12017 mixed 0.2534653966587291 0.0
12021 random 0.32163463521647007 7.91093543661555
12024 random 0.3140927755798473 0.0
12023 random 0.3144171526072037 0.0
12022 random 0.2997504359402246 0.0
12021 greedy 0.3580811130069562 0.0
12024 greedy 0.3289344308401927 0.0
12023 greedy 0.28831530197063726 0.24755235353950988
12022 greedy 0.3444747154669716 1.4448093655519219
12021 uncertainty 0.3299201245007781 8.07791010379151
12024 uncertainty 0.3272870455440346 0.0
12023 uncertainty 0.2836116475727973 0.6912517260170701
12022 uncertainty 0.35538390864942904 1.6705099421196818
12021 mixed 0.3379956124725779 0.0
12024 mixed 0.3123585772411077 0.9278113650398101
12022 mixed 0.3709991937449608 0.0
12023 mixed 0.3068696679354246 0.24755235353950988
12026 random 0.34373558584741154 4.14989101549872
12028 random 0.4047032793954962 8.112437466748819
12025 random 0.37004443777773605 2.5952316500406583
12027 random 0.35326645791536193 0.0
12025 greedy 0.31754485965537277 0.0
12026 greedy 0.35551553447209044 0.0
12028 greedy 0.3585125532034575 0.0
12027 greedy 0.3595843099019368 0.0
12025 uncertainty 0.3191434946468415 0.0
12026 uncertainty 0.33342977143607144 0.0
12028 uncertainty 0.363051206570041 7.7716072369330504
12027 uncertainty 0.3238640241501509 3.2220796504589098
12025 mixed 0.3626981418633866 3.7924886620530702
12026 mixed 0.31159788498678115 0.0
12028 mixed 0.3694202463765398 0.0
12027 mixed 0.35849624060150376 0.0
12031 random 0.29991562447265296 0.0
12032 random 0.3459668497928111 4.14989101549872
12030 random 0.335382408640054 7.26212066605149
12029 random 0.2798614366339789 0.9278113650398101
12032 greedy 0.3421159507246919 0.0
12030 greedy 0.3752871580447377 0.0
12031 greedy 0.23646129038306485 0.0
12029 greedy 0.2601668760429752 0.0
12032 uncertainty 0.36948868430427684 4.14989101549872
12030 uncertainty 0.3549685935537097 0.0
12031 uncertainty 0.300537003356271 3.2220796504589098
12029 uncertainty 0.30997787486171785 0.9278113650398101
12032 mixed 0.37015637597734985 4.14989101549872
12030 mixed 0.34352408452552824 0.0
12031 mixed 0.2957857236607728 0.0
12029 mixed 0.2643310895693098 0.9278113650398101
12036 random 0.38177619860124123 4.14989101549872
12033 random 0.31109688185551154 7.487821242619249
12034 random 0.3121232632703954 2.86467729701326
12035 random 0.3403399396246226 3.2220796504589098
12036 greedy 0.39054187838673987 0.0
12033 greedy 0.3475598597491234 0.0
12034 greedy 0.3233120207001293 0.0
12035 greedy 0.2908086925543284 0.0
12036 uncertainty 0.3808206926293289 5.817311300499568
12033 uncertainty 0.3475877974237338 0.0
12034 uncertainty 0.30157463484146774 0.0
12035 uncertainty 0.2829188307426921 0.0
12036 mixed 0.35100988131175814 0.0
12033 mixed 0.3314503215645097 0.0
12034 mixed 0.2947074044212776 0.0
12035 mixed 0.2648817805111282 0.0
1203712039 random random  0.32901955637222724 4.040041015592580.35430240189001183
 2.86467729701326
12038 random 0.3424183901149382 3.2220796504589098
12040 random 0.3612995706223163 4.14989101549872
12039 greedy 0.36227326420790124 0.0
12037 greedy 0.33666979168619804 0.0
12038 greedy 0.3579742373389833 0.0
12040 greedy 0.3386627416421352 0.0
12039 uncertainty 0.36277707985674906 2.86467729701326
12037 uncertainty 0.2831265820411377 4.4837403880701405
12038 uncertainty 0.3506658166613541 4.14989101549872
12040 uncertainty 0.3271496071850448 4.14989101549872
12039 mixed 0.3674634841467759 2.86467729701326
12037 mixed 0.3628263926649541 4.2657415921603405
12038 mixed 0.38302795642472764 0.0
12040 mixed 0.3424722029512684 0.0
12043 random 0.3110826317664485 0.0
12041 random 0.3487998049987812 7.70582003852905
12044 random 0.35773798586241157 7.26212066605149
12042 random 0.3492863705398158 4.58549681747173
12043 greedy 0.316765417283858 0.0
12041 greedy 0.32867886674291713 0.0
12042 greedy 0.3104794404965031 0.0
12044 greedy 0.3717555734723342 0.0
12043 uncertainty 0.3226823917649485 4.14989101549872
12042 uncertainty 0.3351964074775467 0.0
12041 uncertainty 0.28132282076762977 0.0
12044 uncertainty 0.33961168507303163 0.0
12043 mixed 0.32724785779911125 0.0
12042 mixed 0.3170312939455871 3.33793022712053
12041 mixed 0.3287231170194813 0.0
12044 mixed 0.40593103706898165 0.0
12045 random 0.28915811973824834 0.89636712410357
12048 random 0.43694410590066185 0.0
12046 random 0.3503551272195451 0.0
12047 random 0.3742703391896199 5.817311300499568
12045 greedy 0.3273474209213807 0.24755235353950988
12048 greedy 0.35863049144057146 0.0
12047 greedy 0.41589559934749587 0.0
12046 greedy 0.33088725554534715 0.0
12045 uncertainty 0.28779817373858585 0.4732529301072699
12048 uncertainty 0.38560422252639076 0.0
12047 uncertainty 0.35600266251664064 0.0
12046 uncertainty 0.33478484240526496 0.0
12045 mixed 0.3575206720042 0.4732529301072699
12048 mixed 0.4251032193951212 0.0
12046 mixed 0.3370941068381677 0.0
12047 mixed 0.3909586934918343 0.0
12052 random 0.2771441696510603 8.5804004170277
12050 random 0.3138816492603078 3.62171622143433
12051 random 0.41448559053494083 0.0
12049 random 0.3139080869255433 3.2220796504589098
12050 greedy 0.2972257326608291 0.0
12052 greedy 0.29647197794986213 0.0
12051 greedy 0.34291376821105124 0.0
12049 greedy 0.32492903080644253 0.0
12050 uncertainty 0.3167603547522172 3.5559290230303304
12049 uncertainty 0.3361311008193801 3.2220796504589098
12052 uncertainty 0.2859989124932031 0.0
12051 uncertainty 0.3382965518534491 0.9278113650398101
12050 mixed 0.3203444396527477 0.0
12049 mixed 0.3406045037781486 0.0
12052 mixed 0.3012187576172351 0.0
12051 mixed 0.3247567172294826 4.4837403880701405
12053 random 0.3515290720567003 3.2220796504589098
12056 random 0.4268932930830817 3.2220796504589098
12054 random 0.3247265295408096 0.0
12055 random 0.3632128325802036 3.2220796504589098
12056 greedy 0.41979187369921056 0.0
12053 greedy 0.33778954868467925 0.0
12054 greedy 0.27772261076631727 0.0
12055 greedy 0.3807387546172163 0.0
12056 uncertainty 0.4151060319126994 4.14989101549872
12053 uncertainty 0.3449879061744135 3.2220796504589098
12054 uncertainty 0.2542514015712598 1.6674202850008482
12055 uncertainty 0.3301425008906305 3.2220796504589098
12053 mixed 0.3644752779704873 0.0
12056 mixed 0.40949899686873037 3.2220796504589098
12054 mixed 0.2918611366321039 0.0
12055 mixed 0.3428908930680816 3.2220796504589098
12059 random 0.3783642397764986 4.14989101549872
12060 random 0.3671820448877805 4.14989101549872
12058 random 0.292275326720792 3.7924886620530702
12057 random 0.31254720342002135 5.817311300499568
12059 greedy 0.3590926818292614 0.0
12060 greedy 0.3265331033318958 0.0
12057 greedy 0.3409765061031631 0.0
12058 greedy 0.3049755310970693 0.0
12059 uncertainty 0.32544503403146263 4.14989101549872
12060 uncertainty 0.330924005775036 7.7716072369330504
12057 uncertainty 0.3090154313464459 5.817311300499568
12058 uncertainty 0.2970384189901186 0.0
12059 mixed 0.3586904918155738 7.70582003852905
12060 mixed 0.33827405171282315 0.0
12057 mixed 0.29397296233101455 0.0
12058 mixed 0.3292231826448915 0.0
12062 random 0.31132000825005146 0.0
12061 random 0.28817186357414737 7.0145683125119795
12064 random 0.3852050325314532 0.0
12063 random 0.3365542909643185 4.4837403880701405
12062 greedy 0.30413496334352086 0.0
12064 greedy 0.34679166744792145 0.0
12061 greedy 0.26674160463502894 0.0
12063 greedy 0.335189657435359 0.0
12064 uncertainty 0.39046481540509625 0.0
12061 uncertainty 0.308083175519847 7.7716072369330504
12062 uncertainty 0.31877992987456166 0.0
12063 uncertainty 0.31272645454034087 2.5952316500406583
12061 mixed 0.27165507284420526 0.0
12062 mixed 0.3350484690529315 0.0
12064 mixed 0.3338312114450715 3.2220796504589098
12063 mixed 0.31807905049406554 3.7924886620530702
12067 random 0.37085931787073667 7.487821242619249
12066 random 0.2697204357527234 0.0
12068 random 0.3680175501096881 0.9278113650398101
12065 random 0.35433971462321634 0.0
12066 greedy 0.2601505634410215 0.0
12067 greedy 0.30879680498003115 0.0
12065 greedy 0.30668966681041754 0.0
12068 greedy 0.38033262707891924 0.9278113650398101
12066 uncertainty 0.27984887405546277 0.0
12065 uncertainty 0.3248026550165938 4.14989101549872
12067 uncertainty 0.3836182101138132 4.14989101549872
12068 uncertainty 0.3204916280726754 3.7924886620530702
12065 mixed 0.3359197869986687 0.0
12066 mixed 0.24726285789286181 1.6674202850008482
12067 mixed 0.3234697091856824 0.0
12068 mixed 0.3279039243995274 0.9278113650398101
12069 random 0.38098869367933547 0.0
12071 random 0.34324958280989254 0.0
12070 random 0.3718883243020269 0.0
12072 random 0.33223595147469664 0.9278113650398101
12071 greedy 0.31154669716685723 0.0
12069 greedy 0.37651060319126994 0.0
12070 greedy 0.3156587853674085 0.0
12072 greedy 0.35022275139219616 0.0
12071 uncertainty 0.32629178932368325 0.0
12069 uncertainty 0.39129694560591 7.0145683125119795
12070 uncertainty 0.36750642191513694 5.817311300499568
12072 uncertainty 0.2963216020100125 2.5952316500406583
12071 mixed 0.32123600772504823 3.7924886620530702
12069 mixed 0.3608968181051131 0.0
12070 mixed 0.3385380533628335 0.0
12072 mixed 0.3352526578291114 0.0
12074 random 0.2929465809161307 0.9278113650398101
12075 random 0.3383709898186863 8.806351315866781
12076 random 0.30545497159357243 0.0
12073 random 0.3011666322914518 4.14989101549872
12074 greedy 0.37419608872555454 0.0
12075 greedy 0.25756248476552973 0.0
12073 greedy 0.34704329402058764 0.0
12076 greedy 0.2618528865805411 0.0
12073 uncertainty 0.3318403240020249 4.14989101549872
12074 uncertainty 0.3217540734629591 0.9278113650398101
12075 uncertainty 0.27997974987343666 7.0145683125119795
12076 uncertainty 0.2900198751242195 7.0145683125119795
12074 mixed 0.3512774454840342 0.9278113650398101
12073 mixed 0.35065475409221303 0.0
12075 mixed 0.2936815855099094 0.0
12076 mixed 0.27792642454015337 0.0
12080 random 0.29264995406221284 4.54952758647414
12078 random 0.4086156788479927 0.0
12077 random 0.33460409127557045 5.817311300499568
12079 random 0.2953818461365383 0.0
12078 greedy 0.38527047044044016 0.0
12077 greedy 0.3357581609885061 0.0
12080 greedy 0.3151000318751992 2.5952316500406583
12079 greedy 0.2916644479027994 0.0
12078 uncertainty 0.3795096844355277 0.9278113650398101
12077 uncertainty 0.3070297939362121 0.0
12080 uncertainty 0.30719366996043723 0.0
12079 uncertainty 0.2926780792379952 7.91093543661555
12078 mixed 0.41897661860386626 0.9278113650398101
12077 mixed 0.24935555847224042 0.0
12080 mixed 0.30889074306714415 4.4837403880701405
12079 mixed 0.28663960399752497 0.0
12081 random 0.31239232745204654 4.14989101549872
12084 random 0.32416158850992816 4.14989101549872
12083 random 0.29110981943637143 4.14989101549872
12082 random 0.3600176251101569 0.9278113650398101
12081 greedy 0.3314870717941987 0.0
12084 greedy 0.3276779854874093 0.0
12083 greedy 0.2993381208632554 0.0
12082 greedy 0.35434721467009167 0.0
12081 uncertainty 0.2657484109275683 4.14989101549872
12084 uncertainty 0.30144675904224394 0.0
12083 uncertainty 0.30650422815142586 7.26212066605149
12082 uncertainty 0.38702979393621206 4.2657415921603405
12081 mixed 0.27185213657585355 0.0
12084 mixed 0.3635732098325614 0.0
12083 mixed 0.3157500984381152 0.0
12082 mixed 0.3748073425458909 4.2657415921603405
12085 random 0.2994721842011512 5.817311300499568
12086 random 0.4167041044006525 0.0
12088 random 0.33126075787973674 0.0
12087 random 0.31602328764554777 0.0
12085 greedy 0.3625442034012712 0.0
12086 greedy 0.34763786023662646 0.0
12088 greedy 0.34679560497253104 0.0
12087 greedy 0.356892918080738 0.0
12085 uncertainty 0.3415281345508409 3.2220796504589098
12088 uncertainty 0.38632347702173137 7.26212066605149
12086 uncertainty 0.3305844411527572 0.0
12087 uncertainty 0.31885493034331464 0.0
12085 mixed 0.3445549659685373 0.0
12088 mixed 0.33448352802205006 0.0
12086 mixed 0.3373956087225545 0.0
12087 mixed 0.35447752798454985 0.0
12089 random 0.33882436765229784 3.2220796504589098
12090 random 0.3538488365552285 3.7924886620530702
12091 random 0.3589619935124594 0.0
12092 random 0.37864455402846264 0.0
12089 greedy 0.361427633922712 0.0
12090 greedy 0.3711422571391071 0.0
12091 greedy 0.2661922262014137 0.0
12092 greedy 0.3773704835655223 0.0
12089 uncertainty 0.32486096788104923 7.70582003852905
12090 uncertainty 0.3247441546509665 2.5952316500406583
12091 uncertainty 0.35126750792192446 5.817311300499568
12092 uncertainty 0.3888658054112838 3.2220796504589098
12089 mixed 0.3394686216788855 0.0
12090 mixed 0.38455384096150597 0.9278113650398101
12091 mixed 0.3247750923443271 0.0
12092 mixed 0.36330770817317604 0.0
12093 random 0.24164794779967372 0.0
12095 random 0.33061912886955536 0.0
12096 random 0.28770329814561335 5.817311300499568
12094 random 0.21495715598222487 7.0145683125119795
12093 greedy 0.3078232988956181 0.0
12095 greedy 0.3273286708041925 0.0
12096 greedy 0.28984024900155625 0.0
12094 greedy 0.29837998987493664 0.0
12093 uncertainty 0.28566591041194006 4.14989101549872
12095 uncertainty 0.3494823092644329 0.0
12094 uncertainty 0.25812948830930194 7.7716072369330504
12096 uncertainty 0.28452384077400483 7.70582003852905
12093 mixed 0.29709579434871464 0.0
12095 mixed 0.3071173569834812 0.0
12094 mixed 0.27543678397989985 0.0
12096 mixed 0.2900080625503909 0.0
12098 random 0.3464236026475165 7.70582003852905
12097 random 0.3871392946205913 1.6674202850008482
12100 random 0.44477884236776477 7.70582003852905
12099 random 0.3761954137213357 5.817311300499568
12100 greedy 0.3854054712841955 0.0
12097 greedy 0.37151013443834013 0.0
12098 greedy 0.36565916036975227 0.0
12099 greedy 0.3515845724035775 0.0
12098 uncertainty 0.3425762661016631 0.0
12100 uncertainty 0.4478984868655429 7.26212066605149
12097 uncertainty 0.38885980537378356 2.86467729701326
12099 uncertainty 0.3407216920105751 5.817311300499568
12098 mixed 0.3584531153319708 0.0
12100 mixed 0.4375776723604522 0.0
12097 mixed 0.3702456265351658 2.86467729701326
12099 mixed 0.3376519228245176 0.0
