data_sha256=0876c2b25a5571b834ebac2c0c0f7671e023f6028688e90ccba884a75fd4322a target=gbsa features=seq303
seed=3001 baseline=0.3620 pred_dock_delta=-0.0002 observed_dock_delta=+0.0441
seed=3002 baseline=0.3977 pred_dock_delta=-0.0014 observed_dock_delta=+0.0437
seed=3003 baseline=0.3748 pred_dock_delta=+0.0034 observed_dock_delta=+0.0966
seed=3004 baseline=0.3203 pred_dock_delta=-0.0017 observed_dock_delta=+0.1041
seed=3005 baseline=0.3424 pred_dock_delta=-0.0018 observed_dock_delta=+0.0824
seed=3006 baseline=0.3640 pred_dock_delta=+0.0000 observed_dock_delta=+0.1038
seed=3007 baseline=0.3593 pred_dock_delta=+0.0004 observed_dock_delta=+0.0628
seed=3008 baseline=0.4139 pred_dock_delta=-0.0005 observed_dock_delta=+0.0286
seed=3009 baseline=0.3677 pred_dock_delta=-0.0001 observed_dock_delta=+0.0827
seed=3010 baseline=0.3746 pred_dock_delta=-0.0006 observed_dock_delta=+0.0655
seed=3011 baseline=0.3804 pred_dock_delta=-0.0020 observed_dock_delta=+0.0572
seed=3012 baseline=0.3601 pred_dock_delta=-0.0004 observed_dock_delta=+0.0404
seed=3013 baseline=0.3389 pred_dock_delta=-0.0003 observed_dock_delta=+0.0831
seed=3014 baseline=0.3591 pred_dock_delta=+0.0029 observed_dock_delta=+0.0361
seed=3015 baseline=0.3481 pred_dock_delta=+0.0007 observed_dock_delta=+0.0527
seed=3016 baseline=0.3831 pred_dock_delta=-0.0006 observed_dock_delta=+0.0124
seed=3017 baseline=0.4348 pred_dock_delta=+0.0001 observed_dock_delta=-0.0052
seed=3018 baseline=0.3300 pred_dock_delta=+0.0005 observed_dock_delta=+0.0723
seed=3019 baseline=0.3451 pred_dock_delta=-0.0000 observed_dock_delta=-0.0050
seed=3020 baseline=0.3374 pred_dock_delta=+0.0010 observed_dock_delta=+0.0942
seed=3021 baseline=0.4299 pred_dock_delta=-0.0001 observed_dock_delta=+0.0351
seed=3022 baseline=0.3531 pred_dock_delta=+0.0000 observed_dock_delta=+0.0684
seed=3023 baseline=0.3582 pred_dock_delta=+0.0000 observed_dock_delta=+0.0209
seed=3024 baseline=0.3477 pred_dock_delta=+0.0002 observed_dock_delta=+0.0836
seed=3025 baseline=0.3895 pred_dock_delta=-0.0047 observed_dock_delta=+0.0443
seed=3026 baseline=0.3467 pred_dock_delta=+0.0004 observed_dock_delta=+0.0559
seed=3027 baseline=0.3794 pred_dock_delta=+0.0000 observed_dock_delta=+0.0253
seed=3028 baseline=0.3837 pred_dock_delta=-0.0007 observed_dock_delta=+0.0545
seed=3029 baseline=0.3672 pred_dock_delta=+0.0004 observed_dock_delta=+0.0480
seed=3030 baseline=0.3546 pred_dock_delta=-0.0009 observed_dock_delta=+0.0678
seed=3031 baseline=0.3648 pred_dock_delta=-0.0001 observed_dock_delta=+0.0850
seed=3032 baseline=0.3960 pred_dock_delta=+0.0002 observed_dock_delta=+0.0500
seed=3033 baseline=0.3970 pred_dock_delta=-0.0003 observed_dock_delta=+0.0681
seed=3034 baseline=0.4102 pred_dock_delta=+0.0002 observed_dock_delta=+0.0659
seed=3035 baseline=0.3052 pred_dock_delta=-0.0013 observed_dock_delta=+0.0717
seed=3036 baseline=0.3777 pred_dock_delta=-0.0011 observed_dock_delta=+0.0723
seed=3037 baseline=0.3732 pred_dock_delta=-0.0001 observed_dock_delta=+0.0484
seed=3038 baseline=0.3918 pred_dock_delta=-0.0023 observed_dock_delta=+0.0635
seed=3039 baseline=0.3143 pred_dock_delta=-0.0001 observed_dock_delta=+0.0650
seed=3040 baseline=0.3411 pred_dock_delta=+0.0004 observed_dock_delta=+0.0748
seed=3041 baseline=0.3584 pred_dock_delta=+0.0005 observed_dock_delta=+0.0768
seed=3042 baseline=0.3876 pred_dock_delta=-0.0013 observed_dock_delta=+0.0900
seed=3043 baseline=0.3595 pred_dock_delta=-0.0000 observed_dock_delta=+0.0300
seed=3044 baseline=0.2958 pred_dock_delta=-0.0003 observed_dock_delta=+0.0710
seed=3045 baseline=0.3876 pred_dock_delta=+0.0000 observed_dock_delta=+0.0532
seed=3046 baseline=0.3885 pred_dock_delta=-0.0002 observed_dock_delta=+0.0520
seed=3047 baseline=0.3441 pred_dock_delta=+0.0008 observed_dock_delta=+0.0896
seed=3048 baseline=0.3747 pred_dock_delta=-0.0007 observed_dock_delta=+0.0503
seed=3049 baseline=0.3667 pred_dock_delta=-0.0002 observed_dock_delta=+0.0884
seed=3050 baseline=0.3401 pred_dock_delta=+0.0000 observed_dock_delta=+0.0689
seed=3051 baseline=0.4064 pred_dock_delta=-0.0005 observed_dock_delta=+0.0400
seed=3052 baseline=0.3875 pred_dock_delta=+0.0041 observed_dock_delta=+0.0796
seed=3053 baseline=0.4199 pred_dock_delta=-0.0003 observed_dock_delta=+0.0373
seed=3054 baseline=0.4169 pred_dock_delta=-0.0019 observed_dock_delta=+0.0348
seed=3055 baseline=0.3429 pred_dock_delta=+0.0002 observed_dock_delta=+0.0603
seed=3056 baseline=0.3133 pred_dock_delta=+0.0007 observed_dock_delta=+0.0763
seed=3057 baseline=0.3542 pred_dock_delta=+0.0001 observed_dock_delta=+0.0403
seed=3058 baseline=0.3536 pred_dock_delta=+0.0009 observed_dock_delta=+0.0828
seed=3059 baseline=0.3771 pred_dock_delta=-0.0002 observed_dock_delta=+0.0392
seed=3060 baseline=0.3351 pred_dock_delta=-0.0002 observed_dock_delta=+0.0580
seed=3061 baseline=0.3823 pred_dock_delta=-0.0003 observed_dock_delta=+0.0689
seed=3062 baseline=0.3746 pred_dock_delta=+0.0022 observed_dock_delta=+0.0802
seed=3063 baseline=0.3365 pred_dock_delta=+0.0001 observed_dock_delta=+0.0686
seed=3064 baseline=0.3945 pred_dock_delta=+0.0008 observed_dock_delta=+0.0596
seed=3065 baseline=0.3623 pred_dock_delta=+0.0002 observed_dock_delta=+0.0616
seed=3066 baseline=0.3399 pred_dock_delta=-0.0022 observed_dock_delta=+0.0616
seed=3067 baseline=0.3729 pred_dock_delta=-0.0058 observed_dock_delta=+0.0443
seed=3068 baseline=0.3955 pred_dock_delta=+0.0006 observed_dock_delta=+0.0593
seed=3069 baseline=0.3550 pred_dock_delta=+0.0006 observed_dock_delta=+0.0938
seed=3070 baseline=0.3364 pred_dock_delta=+0.0013 observed_dock_delta=+0.0515
seed=3071 baseline=0.4190 pred_dock_delta=+0.0002 observed_dock_delta=+0.0693
seed=3072 baseline=0.2993 pred_dock_delta=-0.0006 observed_dock_delta=+0.0450
seed=3073 baseline=0.3725 pred_dock_delta=-0.0018 observed_dock_delta=+0.0146
seed=3074 baseline=0.2592 pred_dock_delta=-0.0012 observed_dock_delta=+0.0127
seed=3075 baseline=0.3753 pred_dock_delta=-0.0018 observed_dock_delta=+0.0213
seed=3076 baseline=0.3825 pred_dock_delta=+0.0001 observed_dock_delta=+0.0288
seed=3077 baseline=0.3916 pred_dock_delta=-0.0005 observed_dock_delta=+0.0683
seed=3078 baseline=0.3790 pred_dock_delta=-0.0006 observed_dock_delta=+0.0825
seed=3079 baseline=0.3771 pred_dock_delta=-0.0002 observed_dock_delta=+0.0836
seed=3080 baseline=0.2996 pred_dock_delta=-0.0016 observed_dock_delta=+0.0882
seed=3081 baseline=0.3393 pred_dock_delta=+0.0010 observed_dock_delta=+0.0481
seed=3082 baseline=0.3795 pred_dock_delta=+0.0002 observed_dock_delta=+0.0480
seed=3083 baseline=0.3262 pred_dock_delta=-0.0000 observed_dock_delta=+0.0728
seed=3084 baseline=0.4037 pred_dock_delta=+0.0023 observed_dock_delta=+0.0686
seed=3085 baseline=0.2922 pred_dock_delta=-0.0010 observed_dock_delta=+0.0744
seed=3086 baseline=0.3516 pred_dock_delta=-0.0008 observed_dock_delta=+0.0896
seed=3087 baseline=0.3683 pred_dock_delta=-0.0019 observed_dock_delta=+0.0458
seed=3088 baseline=0.3220 pred_dock_delta=-0.0011 observed_dock_delta=+0.0565
seed=3089 baseline=0.3631 pred_dock_delta=-0.0007 observed_dock_delta=+0.0284
seed=3090 baseline=0.3378 pred_dock_delta=-0.0038 observed_dock_delta=+0.0759
seed=3091 baseline=0.3771 pred_dock_delta=-0.0010 observed_dock_delta=+0.0813
seed=3092 baseline=0.4585 pred_dock_delta=-0.0044 observed_dock_delta=+0.0678
seed=3093 baseline=0.3577 pred_dock_delta=+0.0002 observed_dock_delta=+0.0717
seed=3094 baseline=0.3459 pred_dock_delta=-0.0001 observed_dock_delta=+0.0479
seed=3095 baseline=0.3751 pred_dock_delta=-0.0003 observed_dock_delta=+0.0477
seed=3096 baseline=0.2917 pred_dock_delta=+0.0001 observed_dock_delta=+0.0646
seed=3097 baseline=0.3293 pred_dock_delta=-0.0004 observed_dock_delta=+0.0536
seed=3098 baseline=0.3010 pred_dock_delta=-0.0002 observed_dock_delta=+0.1097
seed=3099 baseline=0.3436 pred_dock_delta=+0.0003 observed_dock_delta=+0.0573
seed=3100 baseline=0.4492 pred_dock_delta=-0.0050 observed_dock_delta=+0.0562
{"seed_start": 3001, "n_seeds": 100, "data_sha256": "0876c2b25a5571b834ebac2c0c0f7671e023f6028688e90ccba884a75fd4322a", "target": "gbsa", "confirmation_scope": "existing table; observed dock requires candidate-time availability", "predicted_dock": {"mean_delta_sp": -0.00036122100763129274, "paired_95ci": [-0.0006568891680572983, -8.316239476496341e-05], "wins": 41, "n_seeds": 100}, "observed_dock": {"mean_delta_sp": 0.059696384977406106, "paired_95ci": [0.05513546636228976, 0.06420815859786623], "wins": 98, "n_seeds": 100}, "prefilter": {"25": {"retention_fraction": 0.25, "mean_true_top10_retained": 0.51525, "mean_best20_delta": -0.44358441371539853, "paired_95ci": [-1.3452709240720218, 0.49951786344474136], "wins": 53, "ties": 10, "losses": 37, "cost_scope": "observed docking required for all 400 heldout candidates; physical cost unavailable", "status": "supplementary fixed retention fractions, not tuned on confirmation results"}, "50": {"retention_fraction": 0.5, "mean_true_top10_retained": 0.7885, "mean_best20_delta": -0.9532168289190309, "paired_95ci": [-1.444595738782301, -0.5242945816191246], "wins": 27, "ties": 70, "losses": 3, "cost_scope": "observed docking required for all 400 heldout candidates; physical cost unavailable", "status": "supplementary fixed retention fractions, not tuned on confirmation results"}, "75": {"retention_fraction": 0.75, "mean_true_top10_retained": 0.91925, "mean_best20_delta": -0.37873980705298876, "paired_95ci": [-0.6992266718745354, -0.13220774979928035], "wins": 13, "ties": 87, "losses": 0, "cost_scope": "observed docking required for all 400 heldout candidates; physical cost unavailable", "status": "supplementary fixed retention fractions, not tuned on confirmation results"}}}
